[backblue.gif]
[fade.gif]
[index.html]
[www.bayarea.com/wp-content/uploads/2016/12/social_balogo-300x300.png]
[www.bayarea.com/things-to-do/travelers-guide-marin-countys-best-views/feed/index.html]
[www.bayarea.com/wp-includes/js/jquery/jquery.minf43b.js]
[www.bayarea.com/wp-includes/js/jquery/jquery-migrate.min5589.js]
[usapi.aedi.ai/common/js/v1/aedi-ad-us.js]
[pagead2.googlesyndication.com/pagead/js/fd2be.txt]
[www.bayarea.com/wp-content/uploads/2022/12/mobile-bg.jpg]
[www.bayarea.com/wp-content/uploads/2022/12/login-mod.jpg]
[www.bayarea.com/wp-content/uploads/2023/06/BayArea.com_OrangeB_logo_rev.png]
[www.bayarea.com/wp-content/uploads/2022/12/badotcom_logo_horiz_V2-300x97.png]
[www.bayarea.com/wp-content/uploads/2023/06/728x90_SearchDisplay_v1.png]
[www.bayarea.com/wp-content/uploads/2024/12/JAN2025-img1.jpg]
[www.bayarea.com/wp-content/uploads/2024/12/JAN2025-img1-696x392.jpg]
[www.bayarea.com/wp-content/uploads/2024/12/JAN2025-img2.jpg]
[www.bayarea.com/wp-content/uploads/2024/12/JAN2025-img2-1024x599.jpg]
[www.bayarea.com/wp-content/uploads/2024/12/JAN2025-img3.jpg]
[www.bayarea.com/wp-content/uploads/2024/12/JAN2025-img3-1024x576.jpg]
[www.bayarea.com/wp-content/uploads/2023/01/Marin-Logo-1.jpg]
[www.bayarea.com/wp-content/uploads/2023/01/Marin-Logo-1-300x128.jpg]
[www.bayarea.com/wp-content/plugins/td-composer/legacy/Newspaper/js/tagdiv_theme.min8858.js]
[www.bayarea.com/wp-content/plugins/td-composer/legacy/Newspaper/js/tdPostImages8858.js]
[www.bayarea.com/wp-content/plugins/td-composer/legacy/Newspaper/js/tdSocialSharing8858.js]
[www.bayarea.com/wp-content/plugins/td-composer/legacy/Newspaper/js/tdModalPostImages8858.js]
[www.bayarea.com/wp-includes/js/comment-reply.min32d4.js]
[www.bayarea.com/wp-content/plugins/td-cloud-library/assets/js/js_files_for_front.min3e7d.js]
[www.bayarea.com/wp-content/plugins/akismet/_inc/akismet-frontende875.js]
[www.bayarea.com/wp-content/plugins/eventon-weekly-view/assets/jquery.easing.1.368b3.js]
[www.bayarea.com/wp-content/plugins/eventon-weekly-view/assets/jquery.mobile.min68b3.js]
[www.bayarea.com/wp-content/plugins/eventon-weekly-view/assets/wv_scriptac14.js]
[www.bayarea.com/wp-content/plugins/td-composer/legacy/Newspaper/js/tdLoadingBox8858.js]
[www.bayarea.com/wp-content/plugins/td-composer/legacy/Newspaper/js/tdToTop8858.js]
[www.bayarea.com/wp-content/plugins/td-composer/legacy/Newspaper/js/tdAjaxSearch8858.js]
[www.bayarea.com/wp-content/plugins/td-cloud-library/assets/js/tdbMenu3e7d.js]
[www.bayarea.com/wp-content/plugins/td-cloud-library/assets/js/tdbSearch3e7d.js]
[www.bayarea.com/wp-content/plugins/td-composer/legacy/Newspaper/js/tdMenu8858.js]
[www.bayarea.com/things-to-do/travelers-guide-marin-countys-best-views/index.html]
[www.bayarea.com/wp-includes/css/dist/block-library/style.min32d4.css]
[www.bayarea.com/wp-content/plugins/td-composer/td-multi-purpose/images/icons/multipurposec81e.eot]
[www.bayarea.com/wp-content/plugins/td-composer/td-multi-purpose/images/icons/multipurposec81e.woff]
[www.bayarea.com/wp-content/plugins/td-composer/td-multi-purpose/images/icons/multipurposec81e.ttf]
[www.bayarea.com/wp-content/plugins/td-composer/td-multi-purpose/stylefc3e.css]
[www.bayarea.com/wp-content/plugins/eventON/assets/images/close_arrow.png]
[www.bayarea.com/wp-content/plugins/eventON/assets/images/zoom.png]
[www.bayarea.com/wp-content/plugins/eventON/assets/images/evo_more_details_arrow.png]
[www.bayarea.com/wp-content/plugins/eventON/assets/css/eventon_styles7de4.css]
[www.bayarea.com/wp-content/plugins/eventON/assets/fonts/evo_fontawesome-webfont3295.eot]
[www.bayarea.com/wp-content/plugins/eventON/assets/fonts/evo_fontawesome-webfontd41d.eot]
[www.bayarea.com/wp-content/plugins/eventON/assets/fonts/evo_fontawesome-webfont3295.woff2]
[www.bayarea.com/wp-content/plugins/eventON/assets/fonts/evo_fontawesome-webfont3295.woff]
[www.bayarea.com/wp-content/plugins/eventON/assets/fonts/evo_fontawesome-webfont3295.ttf]
[www.bayarea.com/wp-content/plugins/eventON/assets/fonts/font-awesome32d4.css]
[www.bayarea.com/wp-content/plugins/eventon-weekly-view/images/border.png]
[www.bayarea.com/wp-content/plugins/eventon-weekly-view/assets/wv_styles32d4.css]
[www.bayarea.com/wp-content/themes/Newspaper/images/icons/newspaper1ff1.eot]
[www.bayarea.com/wp-content/themes/Newspaper/images/icons/newspaper1ff1.woff]
[www.bayarea.com/wp-content/themes/Newspaper/images/icons/newspaper1ff1.ttf]
[www.bayarea.com/wp-content/themes/Newspaper/style8858.css]
[www.bayarea.com/wp-content/plugins/td-composer/legacy/Newspaper/assets/images/sprite/elements.png]
[www.bayarea.com/wp-content/plugins/td-composer/legacy/Newspaper/assets/images/sprite/elements@2x.png]
[www.bayarea.com/wp-content/plugins/td-composer/legacy/Newspaper/assets/css/td_legacy_mainfc3e.css]
[www.bayarea.com/wp-content/plugins/td-cloud-library/assets/css/tdb_main3e7d.css]
[usapi.aedi.ai/common/css/v1/aedi-ad-us.css]
[www.socalnewsgroup.com/wp-content/uploads/2022/12/footer_bg.html]
[www.bayarea.com/wp-content/plugins/eventON/assets/css/eventon_dynamic_styles32d4.css]
[www.bayarea.com/wp-content/plugins/td-composer/td-multi-purpose/images/icons/multipurposec81e.svg]
[www.bayarea.com/wp-content/plugins/eventON/assets/fonts/evo_fontawesome-webfont3295.svg]
[www.bayarea.com/wp-content/themes/Newspaper/images/icons/newspaper1ff1.svg]
